[2025-10-27 13:53:59] Clicked Restaurant Center - PASSED
[2025-10-27 13:53:59] Restaurant Home Dashboard - PASSED
[2025-10-27 13:53:59] Go to Orders Section - PASSED
[2025-10-27 13:54:09] Click menu tab without selecting table - PASSED
[2025-10-27 13:54:20] Click OK - PASSED
[2025-10-27 13:54:20] Click ordering - PASSED
[2025-10-27 13:54:25] Click payment - PASSED
[2025-10-27 13:54:29] QA-SCDWEB-PB42-S2: No tables for selected status - PASSED
[2025-10-27 13:54:29] Click paid - PASSED
[2025-10-27 13:54:32] Click unoccupied - PASSED
[2025-10-27 13:54:37] QA-SCDWEB-PB42-S1: Filter tables by status legend - PASSED
[2025-10-27 13:54:37] QA-SCDWEB-PB44-S8: Logout/login persistence of table colors - PASSED
[2025-10-27 13:54:37] Click reset view - PASSED
[2025-10-27 13:54:43] QA-SCDWEB-PB42-S3: Reset table filters - PASSED
[2025-10-27 13:54:44] Selected Gray Table 34 for additional order - PASSED
[2025-10-27 13:54:49] QA-SCDWEB-PB42-S4: Start new order on unoccupied table 34 - PASSED
[2025-10-27 13:55:00] QA-SCDWEB-PB42-S4:Start new order on unoccupied table - PASSED
[2025-10-27 13:55:00] Check if order details is exist - PASSED
[2025-10-27 13:55:00] QA-SCDWEB-PB43-S1:Redirect user to Menu when starting new order - PASSED
[2025-10-27 13:55:00] Click appetizers - PASSED
[2025-10-27 13:55:05] Click mains - PASSED
[2025-10-27 13:55:11] Select mains - PASSED
[2025-10-27 13:55:16] QA-SCDWEB-PB43-S2:Update Menu context without reload - PASSED
[2025-10-27 13:55:16] Click desserts - PASSED
[2025-10-27 13:55:21] Select desserts - PASSED
[2025-10-27 13:55:27] QA-SCDWEB-PB43-S5: Exclude inactive menu items - PASSED
[2025-10-27 13:55:27] Click sides - PASSED
[2025-10-27 13:55:32] Select sides - PASSED
[2025-10-27 13:55:38] Check if drinks is exist - PASSED
[2025-10-27 13:55:43] Check if alcoholic exist - PASSED
[2025-10-27 13:55:48] Check if non alcoholic exist - PASSED
[2025-10-27 13:55:53] Check if bar is exist - PASSED
[2025-10-27 13:55:59] Select bar - PASSED
[2025-10-27 13:56:04] QA-SCDWEB-PB43-S6: Add item to order summary - PASSED
[2025-10-27 13:56:04] Check if bar item added in order details - PASSED
[2025-10-27 13:56:04] Check if order details is exist - PASSED
[2025-10-27 13:56:14]  QA-SCDWEB-PB43-S8: Modify order summary quantity  - PASSED
[2025-10-27 13:56:20]  QA-SCDWEB-PB43-S9: Remove item from order summary  - PASSED
[2025-10-27 13:56:25] Click send order - PASSED
[2025-10-27 13:56:30] QA-SCDWEB-PB43-S11: Initial send order successfully - PASSED
[2025-10-27 13:56:30] Click OK - PASSED
[2025-10-27 13:56:36] Success message - PASSED
[2025-10-27 13:56:41] Go back to tables - PASSED
[2025-10-27 13:56:41] Waiting for blue table 34 to appear... - PASSED
[2025-10-27 13:56:42] Selected Blue Table 34 for additional order - PASSED
[2025-10-27 13:56:42] QA-SCDWEB-PB42-S6: Additional order on occupied table 34 - PASSED
[2025-10-27 13:56:47] Click food menu (Additional Order) - PASSED
[2025-10-27 13:56:48] Select mains (Additional Order) - PASSED
[2025-10-27 13:56:53] Check if drinks is exist - PASSED
[2025-10-27 13:56:59]  Selected drinks <selenium.webdriver.remote.webelement.WebElement (session="2112d20da5f3f20d80c86e4498a60dfd", element="f.85D8647243C08E68D77CA7659A67CC1C.d.6C4D6FCE405E210DDBF01EE4C276179D.e.1505")>  - PASSED
[2025-10-27 13:57:04]  QA-SCDWEB-PB43-S17: Lock sequences after sending - PASSED
[2025-10-27 13:57:04] Click send order - PASSED
[2025-10-27 13:57:04] QA-SCDWEB-PB43-S12:Incremental send for newly added items - PASSED
[2025-10-27 13:57:04] QA-SCDWEB-PB43-S13:Incremental send for newly added drinks - PASSED
[2025-10-27 13:57:08] Click OK - PASSED
[2025-10-27 13:57:08] Successfully Printed the Kitchen and Waiter Copy - PASSED
[2025-10-27 13:57:08] Order Table Dashboard: - PASSED
[2025-10-27 13:57:08] Click kitchen tab - PASSED
[2025-10-27 13:57:18] QA-SCDWEB-PB44-S1:Display ordering tables in Kitchen tab - PASSED
[2025-10-27 13:57:26] QA-SCDWEB-PB44-S2:Show table as Green when no pending orders - PASSED
[2025-10-27 13:57:29] QA-SCDWEB-PB44-S3:Show table as Blue for new or additional orders - PASSED
[2025-10-27 13:57:32] QA-SCDWEB-PB44-S4:Show table as Red for next batch requested - PASSED
[2025-10-27 13:57:32] QA-SCDWEB-PB44-S6:Tooltip consistency per color - PASSED
[2025-10-27 13:57:35] Selected Active (Green) Table 34 - PASSED
[2025-10-27 13:57:41] Click billing tab - PASSED
[2025-10-27 13:57:41] Click ordering(Billing) - PASSED
[2025-10-27 13:57:46] QA-SCDWEB-PB45-S1: Display only Ordering and For Payment tables - PASSED
[2025-10-27 13:57:46] Click payment(Billing) - PASSED
[2025-10-27 13:57:51] QA-SCDWEB-PB45-S2: Apply filter by table status - PASSED
[2025-10-27 13:57:51] QA-SCDWEB-PB42-S17:Apply multiple filters sequentially - PASSED
[2025-10-27 13:57:51] Click reset view - PASSED
[2025-10-27 13:57:57] QA-SCDWEB-PB42-S18:Reset after multiple filter changes - PASSED
[2025-10-27 13:57:57] Search table 34 - PASSED
[2025-10-27 13:58:01] Billing completed for Table 34 (Billing ID: 34) - PASSED
[2025-10-27 13:58:02]  QA-SCDWEB-PB45-S4: Display table card details - PASSED
[2025-10-27 13:58:14] QA-SCDWEB-PB45-S5: Expand and collapse order summary - PASSED
[2025-10-27 13:58:20] Collapsed closed orders - PASSED
[2025-10-27 13:58:20] QA-SCDWEB-PB45-S7: Show 12% VAT section - PASSED
[2025-10-27 13:58:25] QA-SCDWEB-PB45-S8: Bill Out available only for Ordering tables - PASSED
[2025-10-27 13:58:31] QA-SCDWEB-PB45-S9: Bill Out modal displays computation breakdown - PASSED
[2025-10-27 13:58:43] Click Paynow. - PASSED
[2025-10-27 13:58:43]  QA-SCDWEB-PB45-S10:Pay Now modal opens for For Payment tables  - PASSED
[2025-10-27 13:58:48]  QA-SCDWEB-PB45-S10:Pay Now modal opens for For Payment tables  - PASSED
[2025-10-27 13:58:54]  Input 1st amount - PASSED
[2025-10-27 13:58:56] Updated bill - PASSED
[2025-10-27 13:59:02]  QA-SCDWEB-PB45-S10:Pay Now modal opens for For Payment tables  - PASSED
[2025-10-27 13:59:08]  Input 2nd amount - PASSED
[2025-10-27 13:59:15] Updated bill - PASSED
[2025-10-27 13:59:25]  QA-SCDWEB-PB45-S11:Add multiple discounts as separate line items  - PASSED
[2025-10-27 13:59:25]  QA-SCDWEB-PB45-S12: Delete an adjustment line item  - PASSED
[2025-10-27 13:59:31]  Remove discount  - PASSED
[2025-10-27 13:59:32]  Remove discount successfully  - PASSED
[2025-10-27 13:59:37]  QA-SCDWEB-PB45-S12:Delete an adjustment line item  - PASSED
[2025-10-27 13:59:38] Clicked Reprint Billout - PASSED
[2025-10-27 13:59:48] Closed Reprint Billout - PASSED
[2025-10-27 13:59:54] Closed PayNow modal - PASSED
[2025-10-27 13:59:56] Attempting to click View Adjustments - PASSED
[2025-10-27 13:59:57] Found 86 elements with ID 'viewAdjustments' - PASSED
[2025-10-27 13:59:57] Found visible element at index 28 - PASSED
[2025-10-27 13:59:58] Clicked View Adjustments - PASSED
[2025-10-27 13:59:59] expand_adjustments completed successfully - PASSED
[2025-10-27 14:00:04] QA-SCDWEB-PB45-S6: Expand and collapse adjustment summary  - PASSED
[2025-10-27 14:00:09] Clicked PayNow to reopen - PASSED
[2025-10-27 14:00:10] Select QRPH - PASSED
[2025-10-27 14:00:15] Clicked Paynow - PASSED
[2025-10-27 14:00:21]  Confirm Payment  - PASSED
[2025-10-27 14:00:47]  Wait for QR  - PASSED
[2025-10-27 14:00:52] QA-SCDWEB-PB42-S13:View QR PH code for payment - PASSED
[2025-10-27 14:00:52] Click Check Payment - PASSED
[2025-10-27 14:00:52] Modal unpaid shown: - PASSED
[2025-10-27 14:00:54] Click Ok (This order still unpaid): - PASSED
[2025-10-27 14:00:54] QA-SCDWEB-PB45-S16:QR PH payment unpaid - PASSED
[2025-10-27 14:00:54]  Close QR Modal: - PASSED
[2025-10-27 14:00:54]  Wait for billing tables to load  - PASSED
[2025-10-27 14:00:54] Search table 34 - PASSED
[2025-10-27 14:00:54]  Redirect to table section - PASSED
[2025-10-27 14:00:58] Selected Gray Table 35 - PASSED
[2025-10-27 14:00:58] QA-SCDWEB-PB42-S4: Start new order on unoccupied table 35 - PASSED
[2025-10-27 14:00:59] QA-SCDWEB-PB42-S4:Start new order on unoccupied table - PASSED
[2025-10-27 14:00:59] Check if order details is exist - PASSED
[2025-10-27 14:00:59] Click Food Section - PASSED
[2025-10-27 14:01:00] Click appetizers - PASSED
[2025-10-27 14:01:00] Click mains - PASSED
[2025-10-27 14:01:01] Select mains - PASSED
[2025-10-27 14:01:01]  QA-SCDWEB-PB42-S10: Next serving notification  - PASSED
[2025-10-27 14:01:01] Click send order - PASSED
[2025-10-27 14:01:01]  QA-SCDWEB-PB43-S16: Prevent empty serving sequence  - PASSED
[2025-10-27 14:01:02] Click OK - PASSED
[2025-10-27 14:01:02] Click desserts - PASSED
[2025-10-27 14:01:03] Select desserts - PASSED
[2025-10-27 14:01:04] Click send order - PASSED
[2025-10-27 14:01:04] Click OK - PASSED
[2025-10-27 14:01:08] Success message - PASSED
[2025-10-27 14:01:08] Go back to tables - PASSED
[2025-10-27 14:01:08] Looking for blue table 35 to add next serving... - PASSED
[2025-10-27 14:01:11] Selected Blue Table 35 for next serving - PASSED
[2025-10-27 14:01:12]  Click Next serving:  - PASSED
[2025-10-27 14:01:12] Click OK - PASSED
[2025-10-27 14:01:12] Click kitchen tab - PASSED
[2025-10-27 14:01:17] Selected Next Serving (Red) Table 35 - PASSED
[2025-10-27 14:01:18]  Redirect to table section - PASSED
[2025-10-27 14:01:18] Waiting for blue table 35 to appear... - PASSED
[2025-10-27 14:01:21] Selected Blue Table 35 - Screenshot captured - PASSED
[2025-10-27 14:01:26] Confirmed table cancellation - PASSED
[2025-10-27 14:01:26] Cancelled table 35 - PASSED
[2025-10-27 14:01:26] QA-SCDWEB-PB42-S11:Cancel table - PASSED
[2025-10-27 14:01:27] Click OK - PASSED
[2025-10-27 14:01:27] Entered cancellation reason - PASSED
[2025-10-27 14:01:32] Selected Gray Table 36 - PASSED
[2025-10-27 14:01:33] Check if order details is exist - PASSED
[2025-10-27 14:01:34] Go to appetizers tab - PASSED
[2025-10-27 14:01:35] Click mains - PASSED
[2025-10-27 14:01:36] Select mains - PASSED
[2025-10-27 14:01:36] Click desserts - PASSED
[2025-10-27 14:01:37] Select desserts - PASSED
[2025-10-27 14:01:37] Click sides - PASSED
[2025-10-27 14:01:38] Select sides - PASSED
[2025-10-27 14:01:38] Check if drinks is exist - PASSED
[2025-10-27 14:01:38] Check if alcoholic exist - PASSED
[2025-10-27 14:01:39] Check if non alcoholic exist - PASSED
[2025-10-27 14:01:39] Check if bar is exist - PASSED
[2025-10-27 14:01:39] Select bar - PASSED
[2025-10-27 14:01:40] Check if bar item added in order details - PASSED
[2025-10-27 14:01:40] Check if order details is exist - PASSED
[2025-10-27 14:01:41]  Increase Order:  - PASSED
[2025-10-27 14:01:41]  Decrease Order:  - PASSED
[2025-10-27 14:01:41] Click send order - PASSED
[2025-10-27 14:01:42] Click OK - PASSED
[2025-10-27 14:01:47] ERROR: Order process failed: Message: stale element reference: stale element not found in the current frame
  (Session info: chrome=141.0.7390.66); For documentation on this error, please visit: https://www.selenium.dev/documentation/webdriver/troubleshooting/errors#staleelementreferenceexception
Stacktrace:
	GetHandleVerifier [0x0x124fe43+66515]
	GetHandleVerifier [0x0x124fe84+66580]
	(No symbol) [0x0x103dc48]
	(No symbol) [0x0x1044617]
	(No symbol) [0x0x1046c6c]
	(No symbol) [0x0x10cdc3d]
	(No symbol) [0x0x10ab1cc]
	(No symbol) [0x0x10ccba7]
	(No symbol) [0x0x10aafc6]
	(No symbol) [0x0x107c2ca]
	(No symbol) [0x0x107d154]
	GetHandleVerifier [0x0x14a7353+2521315]
	GetHandleVerifier [0x0x14a22d3+2500707]
	GetHandleVerifier [0x0x1277c94+229924]
	GetHandleVerifier [0x0x12681f8+165768]
	GetHandleVerifier [0x0x126ecad+193085]
	GetHandleVerifier [0x0x1258158+100072]
	GetHandleVerifier [0x0x12582f0+100480]
	GetHandleVerifier [0x0x12425aa+11066]
	BaseThreadInitThunk [0x0x76305d49+25]
	RtlInitializeExceptionChain [0x0x7714d6db+107]
	RtlGetAppContainerNamedObjectPath [0x0x7714d661+561]
Traceback (most recent call last):
  File "d:\Bastion\SQA_QualityEnterprise\SoftwareTesting\Projects\Common\Automation\OPI\OPIBIZ_WEBV2_Functions_NW\Restaurant_Center\Orders.py", line 1261, in Orders
    success_message = WebDriverWait(driver,30).until(EC.element_to_be_clickable((By.XPATH,'/html/body/div[4]/div/div[6]/button[1]')))
                      ^^^^^^^^^^^^^^^^^^^^^^^^^^^^^^^^^^^^^^^^^^^^^^^^^^^^^^^^^^^^^^^^^^^^^^^^^^^^^^^^^^^^^^^^^^^^^^^^^^^^^^^^^^^^^^^
  File "D:\Bastion\SQA_QualityEnterprise\SoftwareTesting\Projects\Common\Automation\OPI\.venv\Lib\site-packages\selenium\webdriver\support\wait.py", line 129, in until
    value = method(self._driver)
            ^^^^^^^^^^^^^^^^^^^^
  File "D:\Bastion\SQA_QualityEnterprise\SoftwareTesting\Projects\Common\Automation\OPI\.venv\Lib\site-packages\selenium\webdriver\support\expected_conditions.py", line 625, in _predicate
    element = visibility_of(target)(driver)
              ^^^^^^^^^^^^^^^^^^^^^^^^^^^^^
  File "D:\Bastion\SQA_QualityEnterprise\SoftwareTesting\Projects\Common\Automation\OPI\.venv\Lib\site-packages\selenium\webdriver\support\expected_conditions.py", line 252, in _predicate
    return _element_if_visible(element)
           ^^^^^^^^^^^^^^^^^^^^^^^^^^^^
  File "D:\Bastion\SQA_QualityEnterprise\SoftwareTesting\Projects\Common\Automation\OPI\.venv\Lib\site-packages\selenium\webdriver\support\expected_conditions.py", line 272, in _element_if_visible
    return element if element.is_displayed() == visibility else False
                      ^^^^^^^^^^^^^^^^^^^^^^
  File "D:\Bastion\SQA_QualityEnterprise\SoftwareTesting\Projects\Common\Automation\OPI\.venv\Lib\site-packages\selenium\webdriver\remote\webelement.py", line 341, in is_displayed
    return self.parent.execute_script(f"/* isDisplayed */return ({isDisplayed_js}).apply(null, arguments);", self)
           ^^^^^^^^^^^^^^^^^^^^^^^^^^^^^^^^^^^^^^^^^^^^^^^^^^^^^^^^^^^^^^^^^^^^^^^^^^^^^^^^^^^^^^^^^^^^^^^^^^^^^^^
  File "D:\Bastion\SQA_QualityEnterprise\SoftwareTesting\Projects\Common\Automation\OPI\.venv\Lib\site-packages\selenium\webdriver\remote\webdriver.py", line 555, in execute_script
    return self.execute(command, {"script": script, "args": converted_args})["value"]
           ^^^^^^^^^^^^^^^^^^^^^^^^^^^^^^^^^^^^^^^^^^^^^^^^^^^^^^^^^^^^^^^^^
  File "D:\Bastion\SQA_QualityEnterprise\SoftwareTesting\Projects\Common\Automation\OPI\.venv\Lib\site-packages\selenium\webdriver\remote\webdriver.py", line 458, in execute
    self.error_handler.check_response(response)
  File "D:\Bastion\SQA_QualityEnterprise\SoftwareTesting\Projects\Common\Automation\OPI\.venv\Lib\site-packages\selenium\webdriver\remote\errorhandler.py", line 232, in check_response
    raise exception_class(message, screen, stacktrace)
selenium.common.exceptions.StaleElementReferenceException: Message: stale element reference: stale element not found in the current frame
  (Session info: chrome=141.0.7390.66); For documentation on this error, please visit: https://www.selenium.dev/documentation/webdriver/troubleshooting/errors#staleelementreferenceexception
Stacktrace:
	GetHandleVerifier [0x0x124fe43+66515]
	GetHandleVerifier [0x0x124fe84+66580]
	(No symbol) [0x0x103dc48]
	(No symbol) [0x0x1044617]
	(No symbol) [0x0x1046c6c]
	(No symbol) [0x0x10cdc3d]
	(No symbol) [0x0x10ab1cc]
	(No symbol) [0x0x10ccba7]
	(No symbol) [0x0x10aafc6]
	(No symbol) [0x0x107c2ca]
	(No symbol) [0x0x107d154]
	GetHandleVerifier [0x0x14a7353+2521315]
	GetHandleVerifier [0x0x14a22d3+2500707]
	GetHandleVerifier [0x0x1277c94+229924]
	GetHandleVerifier [0x0x12681f8+165768]
	GetHandleVerifier [0x0x126ecad+193085]
	GetHandleVerifier [0x0x1258158+100072]
	GetHandleVerifier [0x0x12582f0+100480]
	GetHandleVerifier [0x0x12425aa+11066]
	BaseThreadInitThunk [0x0x76305d49+25]
	RtlInitializeExceptionChain [0x0x7714d6db+107]
	RtlGetAppContainerNamedObjectPath [0x0x7714d661+561]

[2025-10-27 14:01:48] Go to Orders Section - PASSED
[2025-10-27 14:01:58] Go to Manage Orders - PASSED
[2025-10-27 14:02:03] Clicking Date/Time to sort and retrieving most recent order... - PASSED
[2025-10-27 14:02:09] Retrieved most recent order: BNW-SRV-020133200-061 - PASSED
[2025-10-27 14:02:10] Searching for Order Number: BNW-SRV-020133200-061 in Manage Orders - PASSED
[2025-10-27 14:02:18] ERROR: Error viewing order BNW-SRV-020133200-061: Message: 

Traceback (most recent call last):
  File "d:\Bastion\SQA_QualityEnterprise\SoftwareTesting\Projects\Common\Automation\OPI\OPIBIZ_WEBV2_Functions_NW\Restaurant_Center\Manage_Orders.py", line 111, in Manage_Orders
    view_button = WebDriverWait(driver, 5).until(
                  ^^^^^^^^^^^^^^^^^^^^^^^^^^^^^^^
  File "D:\Bastion\SQA_QualityEnterprise\SoftwareTesting\Projects\Common\Automation\OPI\.venv\Lib\site-packages\selenium\webdriver\support\wait.py", line 138, in until
    raise TimeoutException(message, screen, stacktrace)
selenium.common.exceptions.TimeoutException: Message: 

Traceback (most recent call last):
  File "d:\Bastion\SQA_QualityEnterprise\SoftwareTesting\Projects\Common\Automation\OPI\OPIBIZ_WEBV2_Functions_NW\Restaurant_Center\Manage_Orders.py", line 111, in Manage_Orders
    view_button = WebDriverWait(driver, 5).until(
                  ^^^^^^^^^^^^^^^^^^^^^^^^^^^^^^^
  File "D:\Bastion\SQA_QualityEnterprise\SoftwareTesting\Projects\Common\Automation\OPI\.venv\Lib\site-packages\selenium\webdriver\support\wait.py", line 138, in until
    raise TimeoutException(message, screen, stacktrace)
selenium.common.exceptions.TimeoutException: Message: 

[2025-10-27 14:03:02] ERROR: Error clicking gridcell: Message: 
Traceback (most recent call last):
  File "d:\Bastion\SQA_QualityEnterprise\SoftwareTesting\Projects\Common\Automation\OPI\OPIBIZ_WEBV2_Functions_NW\Restaurant_Center\Bookings.py", line 128, in Bookings
    day_element = WebDriverWait(driver, 10).until(EC.element_to_be_clickable(day_cell))
                  ^^^^^^^^^^^^^^^^^^^^^^^^^^^^^^^^^^^^^^^^^^^^^^^^^^^^^^^^^^^^^^^^^^^^^
  File "D:\Bastion\SQA_QualityEnterprise\SoftwareTesting\Projects\Common\Automation\OPI\.venv\Lib\site-packages\selenium\webdriver\support\wait.py", line 138, in until
    raise TimeoutException(message, screen, stacktrace)
selenium.common.exceptions.TimeoutException: Message: 

[2025-10-27 14:10:49] Clicked Restaurant Center - PASSED
[2025-10-27 14:10:49] Restaurant Home Dashboard - PASSED
[2025-10-27 14:10:49] Go to Orders Section - PASSED
[2025-10-27 14:11:00] Click menu tab without selecting table - PASSED
[2025-10-27 14:11:10] Click OK - PASSED
[2025-10-27 14:11:10] Click ordering - PASSED
[2025-10-27 14:11:16] Click payment - PASSED
[2025-10-27 14:11:19] QA-SCDWEB-PB42-S2: No tables for selected status - PASSED
[2025-10-27 14:11:19] Click paid - PASSED
[2025-10-27 14:11:22] Click unoccupied - PASSED
[2025-10-27 14:11:28] QA-SCDWEB-PB42-S1: Filter tables by status legend - PASSED
[2025-10-27 14:11:28] QA-SCDWEB-PB44-S8: Logout/login persistence of table colors - PASSED
[2025-10-27 14:11:28] Click reset view - PASSED
[2025-10-27 14:11:33] QA-SCDWEB-PB42-S3: Reset table filters - PASSED
[2025-10-27 14:11:34] Selected Gray Table 34 for additional order - PASSED
[2025-10-27 14:11:40] QA-SCDWEB-PB42-S4: Start new order on unoccupied table 34 - PASSED
[2025-10-27 14:11:50] QA-SCDWEB-PB42-S4:Start new order on unoccupied table - PASSED
[2025-10-27 14:11:50] Check if order details is exist - PASSED
[2025-10-27 14:11:50] QA-SCDWEB-PB43-S1:Redirect user to Menu when starting new order - PASSED
[2025-10-27 14:11:50] Click appetizers - PASSED
[2025-10-27 14:11:56] Click mains - PASSED
[2025-10-27 14:12:01] Select mains - PASSED
[2025-10-27 14:12:06] QA-SCDWEB-PB43-S2:Update Menu context without reload - PASSED
[2025-10-27 14:12:06] Click desserts - PASSED
[2025-10-27 14:12:11] Select desserts - PASSED
[2025-10-27 14:12:17] QA-SCDWEB-PB43-S5: Exclude inactive menu items - PASSED
[2025-10-27 14:12:17] Click sides - PASSED
[2025-10-27 14:12:23] Select sides - PASSED
[2025-10-27 14:12:28] Check if drinks is exist - PASSED
[2025-10-27 14:12:33] Check if alcoholic exist - PASSED
[2025-10-27 14:12:39] Check if non alcoholic exist - PASSED
[2025-10-27 14:12:44] Check if bar is exist - PASSED
[2025-10-27 14:12:49] Select bar - PASSED
[2025-10-27 14:12:54] QA-SCDWEB-PB43-S6: Add item to order summary - PASSED
[2025-10-27 14:12:54] Check if bar item added in order details - PASSED
[2025-10-27 14:12:55] Check if order details is exist - PASSED
[2025-10-27 14:13:05]  QA-SCDWEB-PB43-S8: Modify order summary quantity  - PASSED
[2025-10-27 14:13:10]  QA-SCDWEB-PB43-S9: Remove item from order summary  - PASSED
[2025-10-27 14:13:15] Click send order - PASSED
[2025-10-27 14:13:20] QA-SCDWEB-PB43-S11: Initial send order successfully - PASSED
[2025-10-27 14:13:21] Click OK - PASSED
[2025-10-27 14:13:26] Success message - PASSED
[2025-10-27 14:13:31] Go back to tables - PASSED
[2025-10-27 14:13:31] Waiting for blue table 34 to appear... - PASSED
[2025-10-27 14:13:32] Selected Blue Table 34 for additional order - PASSED
[2025-10-27 14:13:32] QA-SCDWEB-PB42-S6: Additional order on occupied table 34 - PASSED
[2025-10-27 14:13:38] Click food menu (Additional Order) - PASSED
[2025-10-27 14:13:38] Select mains (Additional Order) - PASSED
[2025-10-27 14:13:44] Check if drinks is exist - PASSED
[2025-10-27 14:13:49]  Selected drinks <selenium.webdriver.remote.webelement.WebElement (session="452b2c0b2d1b2236d5ecd922baf67c05", element="f.4767260B9A334E309F7FC3763A65523B.d.14CDC329F0C614A7090D81B3B943E15E.e.1718")>  - PASSED
[2025-10-27 14:13:54]  QA-SCDWEB-PB43-S17: Lock sequences after sending - PASSED
[2025-10-27 14:13:54] Click send order - PASSED
[2025-10-27 14:13:54] QA-SCDWEB-PB43-S12:Incremental send for newly added items - PASSED
[2025-10-27 14:13:54] QA-SCDWEB-PB43-S13:Incremental send for newly added drinks - PASSED
[2025-10-27 14:13:58] Click OK - PASSED
[2025-10-27 14:13:58] Successfully Printed the Kitchen and Waiter Copy - PASSED
[2025-10-27 14:13:58] Order Table Dashboard: - PASSED
[2025-10-27 14:13:58] Click kitchen tab - PASSED
[2025-10-27 14:14:08] QA-SCDWEB-PB44-S1:Display ordering tables in Kitchen tab - PASSED
[2025-10-27 14:14:16] QA-SCDWEB-PB44-S2:Show table as Green when no pending orders - PASSED
[2025-10-27 14:14:19] QA-SCDWEB-PB44-S3:Show table as Blue for new or additional orders - PASSED
[2025-10-27 14:14:21] QA-SCDWEB-PB44-S4:Show table as Red for next batch requested - PASSED
[2025-10-27 14:14:21] QA-SCDWEB-PB44-S6:Tooltip consistency per color - PASSED
[2025-10-27 14:14:24] Selected Active (Green) Table 34 - PASSED
[2025-10-27 14:14:30] Click billing tab - PASSED
[2025-10-27 14:14:30] Click ordering(Billing) - PASSED
[2025-10-27 14:14:35] QA-SCDWEB-PB45-S1: Display only Ordering and For Payment tables - PASSED
[2025-10-27 14:14:35] Click payment(Billing) - PASSED
[2025-10-27 14:14:40] QA-SCDWEB-PB45-S2: Apply filter by table status - PASSED
[2025-10-27 14:14:40] QA-SCDWEB-PB42-S17:Apply multiple filters sequentially - PASSED
[2025-10-27 14:14:41] Click reset view - PASSED
[2025-10-27 14:14:46] QA-SCDWEB-PB42-S18:Reset after multiple filter changes - PASSED
[2025-10-27 14:14:46] Search table 34 - PASSED
[2025-10-27 14:14:51] Billing completed for Table 34 (Billing ID: 34) - PASSED
[2025-10-27 14:14:51]  QA-SCDWEB-PB45-S4: Display table card details - PASSED
[2025-10-27 14:15:03] QA-SCDWEB-PB45-S5: Expand and collapse order summary - PASSED
[2025-10-27 14:15:09] Collapsed closed orders - PASSED
[2025-10-27 14:15:09] QA-SCDWEB-PB45-S7: Show 12% VAT section - PASSED
[2025-10-27 14:15:15] QA-SCDWEB-PB45-S8: Bill Out available only for Ordering tables - PASSED
[2025-10-27 14:15:20] QA-SCDWEB-PB45-S9: Bill Out modal displays computation breakdown - PASSED
[2025-10-27 14:15:32] Click Paynow. - PASSED
[2025-10-27 14:15:32]  QA-SCDWEB-PB45-S10:Pay Now modal opens for For Payment tables  - PASSED
[2025-10-27 14:15:38]  QA-SCDWEB-PB45-S10:Pay Now modal opens for For Payment tables  - PASSED
[2025-10-27 14:15:44]  Input 1st amount - PASSED
[2025-10-27 14:15:46] Updated bill - PASSED
[2025-10-27 14:15:52]  QA-SCDWEB-PB45-S10:Pay Now modal opens for For Payment tables  - PASSED
[2025-10-27 14:15:57]  Input 2nd amount - PASSED
[2025-10-27 14:16:05] Updated bill - PASSED
[2025-10-27 14:16:15]  QA-SCDWEB-PB45-S11:Add multiple discounts as separate line items  - PASSED
[2025-10-27 14:16:15]  QA-SCDWEB-PB45-S12: Delete an adjustment line item  - PASSED
[2025-10-27 14:16:20]  Remove discount  - PASSED
[2025-10-27 14:16:22]  Remove discount successfully  - PASSED
[2025-10-27 14:16:27]  QA-SCDWEB-PB45-S12:Delete an adjustment line item  - PASSED
[2025-10-27 14:16:27] Clicked Reprint Billout - PASSED
[2025-10-27 14:16:38] Closed Reprint Billout - PASSED
[2025-10-27 14:16:43] Closed PayNow modal - PASSED
[2025-10-27 14:16:45] Attempting to click View Adjustments - PASSED
[2025-10-27 14:16:46] Found 86 elements with ID 'viewAdjustments' - PASSED
[2025-10-27 14:16:47] Found visible element at index 28 - PASSED
[2025-10-27 14:16:47] Clicked View Adjustments - PASSED
[2025-10-27 14:16:48] expand_adjustments completed successfully - PASSED
[2025-10-27 14:16:53] QA-SCDWEB-PB45-S6: Expand and collapse adjustment summary  - PASSED
[2025-10-27 14:16:59] Clicked PayNow to reopen - PASSED
[2025-10-27 14:17:00] Select QRPH - PASSED
[2025-10-27 14:17:05] Clicked Paynow - PASSED
[2025-10-27 14:17:10]  Confirm Payment  - PASSED
[2025-10-27 14:17:37]  Wait for QR  - PASSED
[2025-10-27 14:17:42] QA-SCDWEB-PB42-S13:View QR PH code for payment - PASSED
[2025-10-27 14:17:42] Click Check Payment - PASSED
[2025-10-27 14:17:42] Modal unpaid shown: - PASSED
[2025-10-27 14:17:43] Click Ok (This order still unpaid): - PASSED
[2025-10-27 14:17:43] QA-SCDWEB-PB45-S16:QR PH payment unpaid - PASSED
[2025-10-27 14:17:44]  Close QR Modal: - PASSED
[2025-10-27 14:17:44]  Wait for billing tables to load  - PASSED
[2025-10-27 14:17:44] Search table 34 - PASSED
[2025-10-27 14:17:44]  Redirect to table section - PASSED
[2025-10-27 14:17:48] Selected Gray Table 35 - PASSED
[2025-10-27 14:17:48] QA-SCDWEB-PB42-S4: Start new order on unoccupied table 35 - PASSED
[2025-10-27 14:17:48] QA-SCDWEB-PB42-S4:Start new order on unoccupied table - PASSED
[2025-10-27 14:17:49] Check if order details is exist - PASSED
[2025-10-27 14:17:49] Click Food Section - PASSED
[2025-10-27 14:17:49] Click appetizers - PASSED
[2025-10-27 14:17:50] Click mains - PASSED
[2025-10-27 14:17:51] Select mains - PASSED
[2025-10-27 14:17:51]  QA-SCDWEB-PB42-S10: Next serving notification  - PASSED
[2025-10-27 14:17:51] Click send order - PASSED
[2025-10-27 14:17:51]  QA-SCDWEB-PB43-S16: Prevent empty serving sequence  - PASSED
[2025-10-27 14:17:52] Click OK - PASSED
[2025-10-27 14:17:52] Click desserts - PASSED
[2025-10-27 14:17:53] Select desserts - PASSED
[2025-10-27 14:17:53] Click send order - PASSED
[2025-10-27 14:17:54] Click OK - PASSED
[2025-10-27 14:17:58] Success message - PASSED
[2025-10-27 14:17:58] Go back to tables - PASSED
[2025-10-27 14:17:58] Looking for blue table 35 to add next serving... - PASSED
[2025-10-27 14:18:02] Selected Blue Table 35 for next serving - PASSED
[2025-10-27 14:18:02]  Click Next serving:  - PASSED
[2025-10-27 14:18:03] Click OK - PASSED
[2025-10-27 14:18:03] Click kitchen tab - PASSED
[2025-10-27 14:18:08] Selected Next Serving (Red) Table 35 - PASSED
[2025-10-27 14:18:08]  Redirect to table section - PASSED
[2025-10-27 14:18:09] Waiting for blue table 35 to appear... - PASSED
[2025-10-27 14:18:11] Selected Blue Table 35 - Screenshot captured - PASSED
[2025-10-27 14:18:16] Confirmed table cancellation - PASSED
[2025-10-27 14:18:16] Cancelled table 35 - PASSED
[2025-10-27 14:18:16] QA-SCDWEB-PB42-S11:Cancel table - PASSED
[2025-10-27 14:18:17] Click OK - PASSED
[2025-10-27 14:18:17] Entered cancellation reason - PASSED
[2025-10-27 14:18:22] Selected Gray Table 36 - PASSED
[2025-10-27 14:18:23] Check if order details is exist - PASSED
[2025-10-27 14:18:23] Go to appetizers tab - PASSED
[2025-10-27 14:18:24] Click mains - PASSED
[2025-10-27 14:18:25] Select mains - PASSED
[2025-10-27 14:18:25] Click desserts - PASSED
[2025-10-27 14:18:26] Select desserts - PASSED
[2025-10-27 14:18:26] Click sides - PASSED
[2025-10-27 14:18:27] Select sides - PASSED
[2025-10-27 14:18:27] Check if drinks is exist - PASSED
[2025-10-27 14:18:28] Check if alcoholic exist - PASSED
[2025-10-27 14:18:28] Check if non alcoholic exist - PASSED
[2025-10-27 14:18:28] Check if bar is exist - PASSED
[2025-10-27 14:18:29] Select bar - PASSED
[2025-10-27 14:18:29] Check if bar item added in order details - PASSED
[2025-10-27 14:18:30] Check if order details is exist - PASSED
[2025-10-27 14:18:30]  Increase Order:  - PASSED
[2025-10-27 14:18:30]  Decrease Order:  - PASSED
[2025-10-27 14:18:31] Click send order - PASSED
[2025-10-27 14:18:32] Click OK - PASSED
[2025-10-27 14:18:37] Success message - PASSED
[2025-10-27 14:18:37] Go back to tables - PASSED
[2025-10-27 14:18:38] Waiting for blue table 36 to appear... - PASSED
[2025-10-27 14:18:41] Selected Blue Table 36 for additional order - PASSED
[2025-10-27 14:18:46] Click food menu (Additional Order) - PASSED
[2025-10-27 14:18:52] Select mains (Additional Order_36) - PASSED
[2025-10-27 14:18:52] Check if drinks is exist - PASSED
[2025-10-27 14:18:52]  Selected drinks <selenium.webdriver.remote.webelement.WebElement (session="452b2c0b2d1b2236d5ecd922baf67c05", element="f.4767260B9A334E309F7FC3763A65523B.d.14CDC329F0C614A7090D81B3B943E15E.e.1718")>  - PASSED
[2025-10-27 14:18:52] Click send order - PASSED
[2025-10-27 14:19:07] Click OK - PASSED
[2025-10-27 14:19:07] Successfully Printed the Kitchen and Waiter Copy - PASSED
[2025-10-27 14:19:07] Order Table Dashboard: - PASSED
[2025-10-27 14:19:07] Click kitchen tab - PASSED
[2025-10-27 14:19:15] Selected Active (Green) Table 36 - PASSED
[2025-10-27 14:19:15] Click billing tab - PASSED
[2025-10-27 14:19:20] Search table 36 - PASSED
[2025-10-27 14:19:30] Billing completed for Table 36 (Billing ID: 36) - PASSED
[2025-10-27 14:19:30] Extracted Order Number:  - PASSED
[2025-10-27 14:19:30] Verify Billing Details - PASSED
[2025-10-27 14:19:37] Click View Orders - PASSED
[2025-10-27 14:19:39] Collapsed closed orders - PASSED
[2025-10-27 14:19:56] Click Paynow. - PASSED
[2025-10-27 14:20:08]  Input 1st amount - PASSED
[2025-10-27 14:20:10] Updated bill - PASSED
[2025-10-27 14:20:12]  QA-SCDWEB-PB45-S10:Pay Now modal opens for For Payment tables  - PASSED
[2025-10-27 14:20:13]  Input 2nd amount - PASSED
[2025-10-27 14:20:34] Cycled through all discount options - PASSED
[2025-10-27 14:20:41] Updated bill - PASSED
[2025-10-27 14:20:42] Clicked Reprint Billout - PASSED
[2025-10-27 14:20:48] Closed Reprint Billout - PASSED
[2025-10-27 14:20:53] Closed PayNow modal - PASSED
[2025-10-27 14:20:58] Attempting to click View Adjustments - PASSED
[2025-10-27 14:20:59] Found 87 elements with ID 'viewAdjustments' - PASSED
[2025-10-27 14:20:59] Found visible element at index 29 - PASSED
[2025-10-27 14:21:00] Clicked View Adjustments - PASSED
[2025-10-27 14:21:01] expand_adjustments completed successfully - PASSED
[2025-10-27 14:21:06] QA-SCDWEB-PB45-S6: Expand and collapse adjustment summary  - PASSED
[2025-10-27 14:21:07] ERROR: Unable to start new order. Please try again.: Traceback (most recent call last):
  File "d:\Bastion\SQA_QualityEnterprise\SoftwareTesting\Projects\Common\Automation\OPI\OPIBIZ_WEBV2_Functions_NW\Utility.py", line 2137, in click_pay_now
    pay_now_btn.click()
  File "D:\Bastion\SQA_QualityEnterprise\SoftwareTesting\Projects\Common\Automation\OPI\.venv\Lib\site-packages\selenium\webdriver\remote\webelement.py", line 120, in click
    self._execute(Command.CLICK_ELEMENT)
  File "D:\Bastion\SQA_QualityEnterprise\SoftwareTesting\Projects\Common\Automation\OPI\.venv\Lib\site-packages\selenium\webdriver\remote\webelement.py", line 573, in _execute
    return self._parent.execute(command, params)
           ^^^^^^^^^^^^^^^^^^^^^^^^^^^^^^^^^^^^^
  File "D:\Bastion\SQA_QualityEnterprise\SoftwareTesting\Projects\Common\Automation\OPI\.venv\Lib\site-packages\selenium\webdriver\remote\webdriver.py", line 458, in execute
    self.error_handler.check_response(response)
  File "D:\Bastion\SQA_QualityEnterprise\SoftwareTesting\Projects\Common\Automation\OPI\.venv\Lib\site-packages\selenium\webdriver\remote\errorhandler.py", line 232, in check_response
    raise exception_class(message, screen, stacktrace)
selenium.common.exceptions.ElementClickInterceptedException: Message: element click intercepted: Element <button class="btn btn-primary ob-button mb-0 w-100 pay-now-btn" id="btnPayNow">...</button> is not clickable at point (1124, 586). Other element would receive the click: <div aria-labelledby="swal2-title" aria-describedby="swal2-html-container" class="swal2-popup swal2-modal swal2-icon-warning swal2-show" tabindex="-1" role="dialog" aria-live="assertive" aria-modal="true" style="display: grid;">...</div>
  (Session info: chrome=141.0.7390.66); For documentation on this error, please visit: https://www.selenium.dev/documentation/webdriver/troubleshooting/errors#elementclickinterceptedexception
Stacktrace:
	GetHandleVerifier [0x0x124fe43+66515]
	GetHandleVerifier [0x0x124fe84+66580]
	(No symbol) [0x0x103dc48]
	(No symbol) [0x0x108ec10]
	(No symbol) [0x0x108cf73]
	(No symbol) [0x0x108aa17]
	(No symbol) [0x0x1089c8d]
	(No symbol) [0x0x107e115]
	(No symbol) [0x0x10ab1cc]
	(No symbol) [0x0x107db74]
	(No symbol) [0x0x10ab384]
	(No symbol) [0x0x10ccba7]
	(No symbol) [0x0x10aafc6]
	(No symbol) [0x0x107c2ca]
	(No symbol) [0x0x107d154]
	GetHandleVerifier [0x0x14a7353+2521315]
	GetHandleVerifier [0x0x14a22d3+2500707]
	GetHandleVerifier [0x0x1277c94+229924]
	GetHandleVerifier [0x0x12681f8+165768]
	GetHandleVerifier [0x0x126ecad+193085]
	GetHandleVerifier [0x0x1258158+100072]
	GetHandleVerifier [0x0x12582f0+100480]
	GetHandleVerifier [0x0x12425aa+11066]
	BaseThreadInitThunk [0x0x76305d49+25]
	RtlInitializeExceptionChain [0x0x7714d6db+107]
	RtlGetAppContainerNamedObjectPath [0x0x7714d661+561]


The above exception was the direct cause of the following exception:

Traceback (most recent call last):
  File "d:\Bastion\SQA_QualityEnterprise\SoftwareTesting\Projects\Common\Automation\OPI\OPIBIZ_WEBV2_Functions_NW\Restaurant_Center\Orders.py", line 1540, in Orders
    click_pay_now(driver)
  File "d:\Bastion\SQA_QualityEnterprise\SoftwareTesting\Projects\Common\Automation\OPI\OPIBIZ_WEBV2_Functions_NW\Utility.py", line 2148, in click_pay_now
    raise TimeoutException("Pay Now button not found or clickable.") from e
selenium.common.exceptions.TimeoutException: Message: Pay Now button not found or clickable.

Traceback (most recent call last):
  File "d:\Bastion\SQA_QualityEnterprise\SoftwareTesting\Projects\Common\Automation\OPI\OPIBIZ_WEBV2_Functions_NW\Utility.py", line 2137, in click_pay_now
    pay_now_btn.click()
  File "D:\Bastion\SQA_QualityEnterprise\SoftwareTesting\Projects\Common\Automation\OPI\.venv\Lib\site-packages\selenium\webdriver\remote\webelement.py", line 120, in click
    self._execute(Command.CLICK_ELEMENT)
  File "D:\Bastion\SQA_QualityEnterprise\SoftwareTesting\Projects\Common\Automation\OPI\.venv\Lib\site-packages\selenium\webdriver\remote\webelement.py", line 573, in _execute
    return self._parent.execute(command, params)
           ^^^^^^^^^^^^^^^^^^^^^^^^^^^^^^^^^^^^^
  File "D:\Bastion\SQA_QualityEnterprise\SoftwareTesting\Projects\Common\Automation\OPI\.venv\Lib\site-packages\selenium\webdriver\remote\webdriver.py", line 458, in execute
    self.error_handler.check_response(response)
  File "D:\Bastion\SQA_QualityEnterprise\SoftwareTesting\Projects\Common\Automation\OPI\.venv\Lib\site-packages\selenium\webdriver\remote\errorhandler.py", line 232, in check_response
    raise exception_class(message, screen, stacktrace)
selenium.common.exceptions.ElementClickInterceptedException: Message: element click intercepted: Element <button class="btn btn-primary ob-button mb-0 w-100 pay-now-btn" id="btnPayNow">...</button> is not clickable at point (1124, 586). Other element would receive the click: <div aria-labelledby="swal2-title" aria-describedby="swal2-html-container" class="swal2-popup swal2-modal swal2-icon-warning swal2-show" tabindex="-1" role="dialog" aria-live="assertive" aria-modal="true" style="display: grid;">...</div>
  (Session info: chrome=141.0.7390.66); For documentation on this error, please visit: https://www.selenium.dev/documentation/webdriver/troubleshooting/errors#elementclickinterceptedexception
Stacktrace:
	GetHandleVerifier [0x0x124fe43+66515]
	GetHandleVerifier [0x0x124fe84+66580]
	(No symbol) [0x0x103dc48]
	(No symbol) [0x0x108ec10]
	(No symbol) [0x0x108cf73]
	(No symbol) [0x0x108aa17]
	(No symbol) [0x0x1089c8d]
	(No symbol) [0x0x107e115]
	(No symbol) [0x0x10ab1cc]
	(No symbol) [0x0x107db74]
	(No symbol) [0x0x10ab384]
	(No symbol) [0x0x10ccba7]
	(No symbol) [0x0x10aafc6]
	(No symbol) [0x0x107c2ca]
	(No symbol) [0x0x107d154]
	GetHandleVerifier [0x0x14a7353+2521315]
	GetHandleVerifier [0x0x14a22d3+2500707]
	GetHandleVerifier [0x0x1277c94+229924]
	GetHandleVerifier [0x0x12681f8+165768]
	GetHandleVerifier [0x0x126ecad+193085]
	GetHandleVerifier [0x0x1258158+100072]
	GetHandleVerifier [0x0x12582f0+100480]
	GetHandleVerifier [0x0x12425aa+11066]
	BaseThreadInitThunk [0x0x76305d49+25]
	RtlInitializeExceptionChain [0x0x7714d6db+107]
	RtlGetAppContainerNamedObjectPath [0x0x7714d661+561]


The above exception was the direct cause of the following exception:

Traceback (most recent call last):
  File "d:\Bastion\SQA_QualityEnterprise\SoftwareTesting\Projects\Common\Automation\OPI\OPIBIZ_WEBV2_Functions_NW\Restaurant_Center\Orders.py", line 1540, in Orders
    click_pay_now(driver)
  File "d:\Bastion\SQA_QualityEnterprise\SoftwareTesting\Projects\Common\Automation\OPI\OPIBIZ_WEBV2_Functions_NW\Utility.py", line 2148, in click_pay_now
    raise TimeoutException("Pay Now button not found or clickable.") from e
selenium.common.exceptions.TimeoutException: Message: Pay Now button not found or clickable.

[2025-10-27 14:21:07]  Wait for billing tables to load  - PASSED
[2025-10-27 14:21:23] Click OK - PASSED
[2025-10-27 14:21:23]  Wait for billing tables to load  - PASSED
[2025-10-27 14:21:23] Search table 36 - PASSED
[2025-10-27 14:21:23] PB-45 BDD Scenario 18: Successful payment removes table from Billing - PASSED
[2025-10-27 14:21:23]  Redirect to table section - PASSED
[2025-10-27 14:21:23]  Redirect to table section - PASSED
[2025-10-27 14:21:23] Waiting for Greeb table 36 to appear... - PASSED
